// Vitest Snapshot v1, https://vitest.dev/guide/snapshot.html

exports[`ExplodedViewMotif > matches structural snapshot 1`] = `
<div
  class="relative "
>
  <div
    class="relative bg-paper border-2 border-grid rounded-sm p-8"
  >
    <svg
      aria-label="Exploded view assembly diagram of ARF layered architecture"
      class="w-full h-auto"
      height="450"
      viewBox="0 0 600 450"
      width="600"
    >
      <line
        stroke="var(--color-grid)"
        stroke-dasharray="3,3"
        stroke-width="1"
        x1="300"
        x2="300"
        y1="0"
        y2="450"
      />
      <g>
        <line
          stroke="var(--color-grid)"
          stroke-width="0.5"
          x1="300"
          x2="40"
          y1="375"
          y2="375"
        />
        <g>
          <rect
            fill="var(--color-paper)"
            height="50"
            rx="2"
            stroke="var(--color-accent)"
            stroke-width="2"
            width="500"
            x="50"
            y="350"
          />
          <text
            dominant-baseline="middle"
            fill="var(--color-ink)"
            font-family="var(--font-mono)"
            font-size="16"
            font-weight="var(--fw-bold)"
            text-anchor="middle"
            x="300"
            y="375"
          >
            HAL
          </text>
          <text
            dominant-baseline="middle"
            fill="var(--color-accent)"
            font-family="var(--font-mono)"
            font-size="12"
            text-anchor="start"
            x="570"
            y="375"
          >
            L0
          </text>
        </g>
      </g>
      <g>
        <line
          stroke="var(--color-grid)"
          stroke-width="0.5"
          x1="300"
          x2="50"
          y1="305"
          y2="305"
        />
        <g>
          <rect
            fill="var(--color-paper)"
            height="50"
            rx="2"
            stroke="var(--color-accent)"
            stroke-width="2"
            width="480"
            x="60"
            y="280"
          />
          <text
            dominant-baseline="middle"
            fill="var(--color-ink)"
            font-family="var(--font-mono)"
            font-size="16"
            font-weight="var(--fw-bold)"
            text-anchor="middle"
            x="300"
            y="305"
          >
            RTS
          </text>
          <text
            dominant-baseline="middle"
            fill="var(--color-accent)"
            font-family="var(--font-mono)"
            font-size="12"
            text-anchor="start"
            x="560"
            y="305"
          >
            L1
          </text>
        </g>
      </g>
      <g>
        <line
          stroke="var(--color-grid)"
          stroke-width="0.5"
          x1="300"
          x2="60"
          y1="235"
          y2="235"
        />
        <g>
          <rect
            fill="var(--color-paper)"
            height="50"
            rx="2"
            stroke="var(--color-accent)"
            stroke-width="2"
            width="460"
            x="70"
            y="210"
          />
          <text
            dominant-baseline="middle"
            fill="var(--color-ink)"
            font-family="var(--font-mono)"
            font-size="16"
            font-weight="var(--fw-bold)"
            text-anchor="middle"
            x="300"
            y="235"
          >
            DMS
          </text>
          <text
            dominant-baseline="middle"
            fill="var(--color-accent)"
            font-family="var(--font-mono)"
            font-size="12"
            text-anchor="start"
            x="550"
            y="235"
          >
            L2
          </text>
        </g>
      </g>
      <g>
        <line
          stroke="var(--color-grid)"
          stroke-width="0.5"
          x1="300"
          x2="70"
          y1="165"
          y2="165"
        />
        <g>
          <rect
            fill="var(--color-paper)"
            height="50"
            rx="2"
            stroke="var(--color-accent)"
            stroke-width="2"
            width="440"
            x="80"
            y="140"
          />
          <text
            dominant-baseline="middle"
            fill="var(--color-ink)"
            font-family="var(--font-mono)"
            font-size="16"
            font-weight="var(--fw-bold)"
            text-anchor="middle"
            x="300"
            y="165"
          >
            ACR
          </text>
          <text
            dominant-baseline="middle"
            fill="var(--color-accent)"
            font-family="var(--font-mono)"
            font-size="12"
            text-anchor="start"
            x="540"
            y="165"
          >
            L3
          </text>
        </g>
      </g>
      <g>
        <line
          stroke="var(--color-grid)"
          stroke-width="0.5"
          x1="300"
          x2="80"
          y1="95"
          y2="95"
        />
        <g>
          <rect
            fill="var(--color-paper)"
            height="50"
            rx="2"
            stroke="var(--color-accent)"
            stroke-width="2"
            width="420"
            x="90"
            y="70"
          />
          <text
            dominant-baseline="middle"
            fill="var(--color-ink)"
            font-family="var(--font-mono)"
            font-size="16"
            font-weight="var(--fw-bold)"
            text-anchor="middle"
            x="300"
            y="95"
          >
            DIL
          </text>
          <text
            dominant-baseline="middle"
            fill="var(--color-accent)"
            font-family="var(--font-mono)"
            font-size="12"
            text-anchor="start"
            x="530"
            y="95"
          >
            L4
          </text>
        </g>
      </g>
      <g>
        <line
          stroke="var(--color-grid)"
          stroke-width="0.5"
          x1="300"
          x2="90"
          y1="25"
          y2="25"
        />
        <g>
          <rect
            fill="var(--color-paper)"
            height="50"
            rx="2"
            stroke="var(--color-accent)"
            stroke-width="2"
            width="400"
            x="100"
            y="0"
          />
          <text
            dominant-baseline="middle"
            fill="var(--color-ink)"
            font-family="var(--font-mono)"
            font-size="16"
            font-weight="var(--fw-bold)"
            text-anchor="middle"
            x="300"
            y="25"
          >
            App
          </text>
          <text
            dominant-baseline="middle"
            fill="var(--color-accent)"
            font-family="var(--font-mono)"
            font-size="12"
            text-anchor="start"
            x="520"
            y="25"
          >
            L5
          </text>
        </g>
      </g>
    </svg>
  </div>
  <div
    class="mt-2 text-xs text-gray font-mono text-center"
  >
    ARF Layered Architecture Assembly
  </div>
  <div
    class="mt-4 font-mono text-xs text-gray space-y-1"
  >
    <div
      class="grid grid-cols-2 gap-4"
    >
      <div>
        <span
          class="text-accent"
        >
          L0 HAL:
        </span>
         Hardware Abstraction
      </div>
      <div>
        <span
          class="text-accent"
        >
          L1 RTS:
        </span>
         Real-Time Scheduling
      </div>
      <div>
        <span
          class="text-accent"
        >
          L2 DMS:
        </span>
         Data Management
      </div>
      <div>
        <span
          class="text-accent"
        >
          L3 ACR:
        </span>
         Algorithm Container
      </div>
      <div>
        <span
          class="text-accent"
        >
          L4 DIL:
        </span>
         Decision Intelligence
      </div>
      <div>
        <span
          class="text-accent"
        >
          L5 App:
        </span>
         Application Layer
      </div>
    </div>
  </div>
</div>
`;
